// Jest Snapshot v1, https://goo.gl/fbAQLP

exports[`SubscribeForm Component renders a snapshot 1`] = `
<div
  className="MuiPaper-root MuiPaper-elevation1 SubscribeForm-container-1 MuiPaper-rounded"
>
  <form
    autoComplete="on"
    className="SubscribeForm-form-2"
    onSubmit={[Function]}
  >
    <div
      className="MuiFormControl-root MuiTextField-root SubscribeForm-textField-3 MuiFormControl-marginNormal"
    >
      <label
        className="MuiFormLabel-root MuiInputLabel-root MuiInputLabel-formControl MuiInputLabel-animated Mui-required Mui-required"
        data-shrink={false}
        htmlFor="email-field"
      >
        Email
        <span
          className="MuiFormLabel-asterisk MuiInputLabel-asterisk"
        >
          â€‰
          *
        </span>
      </label>
      <div
        className="MuiInputBase-root MuiInput-root MuiInput-underline MuiInputBase-formControl MuiInput-formControl"
        onClick={[Function]}
      >
        <input
          aria-invalid={false}
          className="MuiInputBase-input MuiInput-input"
          disabled={false}
          id="email-field"
          name="email"
          onBlur={[Function]}
          onChange={[Function]}
          onFocus={[Function]}
          required={true}
          type="email"
        />
      </div>
    </div>
    <button
      className="MuiButtonBase-root MuiButton-root SubscribeForm-button-5 MuiButton-text"
      disabled={false}
      onBlur={[Function]}
      onDragLeave={[Function]}
      onFocus={[Function]}
      onKeyDown={[Function]}
      onKeyUp={[Function]}
      onMouseDown={[Function]}
      onMouseLeave={[Function]}
      onMouseUp={[Function]}
      onTouchEnd={[Function]}
      onTouchMove={[Function]}
      onTouchStart={[Function]}
      tabIndex={0}
      type="submit"
    >
      <span
        className="MuiButton-label"
      >
        Subscribe
      </span>
    </button>
  </form>
</div>
`;
